// Jest Snapshot v1, https://goo.gl/fbAQLP

exports[`Term Condition Page Component Term Condition Page Component Should match to snapshot 1`] = `
<Row
  className="bgTC"
  tag="div"
  widths={
    Array [
      "xs",
      "sm",
      "md",
      "lg",
      "xl",
    ]
  }
>
  <CardBody
    className="bgContainerTC"
    tag="div"
  >
    <div
      style={
        Object {
          "textAlign": "left",
        }
      }
    >
      <h2
        className="tncHeader1"
        style={
          Object {
            "color": "#D2B520",
          }
        }
      >
        <strong>
          Terms and conditions
        </strong>
      </h2>
    </div>
    <table
      style={
        Object {
          "marginTop": "2em",
        }
      }
    >
      <tr>
        <td
          className="tncHeader2"
        >
          <Skeleton
            circle={false}
            count={20}
            delay={0}
            duration={1.2}
            height={null}
            width={null}
            wrapper={null}
          />
        </td>
      </tr>
      <tr>
        <td
          className="paddingContent"
        >
          <td
            style={
              Object {
                "paddingLeft": "-1em",
              }
            }
          >
            <div
              className="contentParagraph"
              style={
                Object {
                  "paddingLeft": "-1em",
                  "paddingTop": "0.5em",
                  "whiteSpace": "pre-wrap",
                }
              }
            >
              1. PT United Tractors Tbk atau “UT” adalah suatu perseroan terbatas yang menjalankan usaha penjualan alat berat, pengadaan suku cadang dan jasa service alat berat.
            </div>
            <div
              className="contentParagraph"
              style={
                Object {
                  "paddingLeft": "-1em",
                  "paddingTop": "0.5em",
                  "whiteSpace": "pre-wrap",
                }
              }
            >
              2. UT Connect adalah aplikasi dari UT yang dikembangkan untuk memberikan layanan yang terbaik bagi Pengguna. 
            </div>
            <div
              className="contentParagraph"
              style={
                Object {
                  "paddingLeft": "-1em",
                  "paddingTop": "0.5em",
                  "whiteSpace": "pre-wrap",
                }
              }
            >
              3. Syarat dan Ketentuan adalah perjanjian antara Pengguna dan UT yang berisikan seperangkat peraturan yang mengatur hak, kewajiban, tanggung jawab pengguna dan UT, serta tata cara penggunaan sistem layanan UT Connect. 
            </div>
            <div
              className="contentParagraph"
              style={
                Object {
                  "paddingLeft": "-1em",
                  "paddingTop": "0.5em",
                  "whiteSpace": "pre-wrap",
                }
              }
            >
              4. Pengguna adalah pihak yang menggunakan layanan UT Connect, termasuk namun tidak terbatas pada customer UT, calon customer UT ataupun pihak lain yang telah terdaftar di Database Customer UT dan menerima persetujuan dari UT untuk menggunakan dan/atau mengakses UT Connect. 
            </div>
          </td>
        </td>
      </tr>
    </table>
    <table
      style={
        Object {
          "marginTop": "2em",
        }
      }
    >
      <tr>
        <td
          className="tncHeader2"
        >
          <Skeleton
            circle={false}
            count={20}
            delay={0}
            duration={1.2}
            height={null}
            width={null}
            wrapper={null}
          />
        </td>
      </tr>
      <tr>
        <td
          className="paddingContent"
        >
          <td
            style={
              Object {
                "paddingLeft": "-1em",
              }
            }
          >
            <div
              className="contentParagraph"
              style={
                Object {
                  "paddingLeft": "-1em",
                  "paddingTop": "0.5em",
                  "whiteSpace": "pre-wrap",
                }
              }
            >
              Setiap orang yang menggunakan fasilitas yang disediakan dalam UT Connect, maka mereka melakukannya sepenuhnya dengan risiko dan tanggung jawab sendiri dan merupakan pihak yang berwenang, baik secara perorangan maupun badan hukum sesuai dengan Anggaran Dasar Pengguna serta menggunakan UT Connect untuk tujuan yang tidak bertentangan dengan ketentuan-ketentuan hukum yang berlaku. UT tidak bertanggung jawab atas kehilangan atau kerusakan apa pun yang disebabkan oleh apa pun, entah disebabkan oleh, atau terkait dengan mengakses UT Connect ini atau penggunaannya atau upaya pemanfaatan fasilitas yang ditawarkan di sini atau dari tindakan, masalah, atau hal lain apa pun yang terkait dengan UT Connect ini. 
            </div>
            <div
              className="contentParagraph"
              style={
                Object {
                  "paddingLeft": "-1em",
                  "paddingTop": "0.5em",
                  "whiteSpace": "pre-wrap",
                }
              }
            >
              UT dengan upaya terbaiknya akan selalu berupaya untuk menjaga UT Connect dapat berjalan secara aman, nyaman, dan berfungsi dengan baik namun UT tidak menjamin kemungkinan adanya berbagai gangguan terhadap UT Connect sehingga menyebabkan layanan terganggu dan tidak dapat beroperasi terus-menerus. Seluruh informasi dan data yang ditampilkan dalam UT Connect memiliki kemungkinan tidak ditampilkan secara real time. UT dengan tegas menyatakan tidak bertanggung jawab atas kerusakan apapun, termasuk tidak terbatas pada kerugian langsung, tidak langsung, atau ganti rugi atas kehilangan penggunaan, keuntungan, data atau wujud lainnya, kerusakan nama baik atau reputasi, atau biaya pengadaan barang dan jasa, yang timbul dari atau terkait dengan penggunaan, ketidakmampuan untuk menggunakan, kinerja,  atau kegagalan dari UT Connect ini, diantaranya yang diakibatkan secara langsung atau tidak langsung dari:
            </div>
            <div
              className="contentParagraph"
              style={
                Object {
                  "paddingLeft": "-1em",
                  "paddingTop": "0.5em",
                  "whiteSpace": "pre-wrap",
                }
              }
            >
              1. Kesalahanan penggunaan atau ketidakmampuan Pengguna dalam menggunakan layanan UT Connect.
            </div>
            <div
              className="contentParagraph"
              style={
                Object {
                  "paddingLeft": "-1em",
                  "paddingTop": "0.5em",
                  "whiteSpace": "pre-wrap",
                }
              }
            >
              2. Penyalahgunaan layanan UT Connect oleh Pengguna maupun pihak lainnya, baik penggunaan dari perangkat dan/atau akun Penggunanya. 
            </div>
            <div
              className="contentParagraph"
              style={
                Object {
                  "paddingLeft": "-1em",
                  "paddingTop": "0.5em",
                  "whiteSpace": "pre-wrap",
                }
              }
            >
              3. Keterlambatan atau gangguan dalam layanan UT Connect, baik karena adanya gangguan dari luar terhadap sistem maupun karena pemeliharaan, perbaikan (maintenance) atas UT Connect.
            </div>
            <div
              className="contentParagraph"
              style={
                Object {
                  "paddingLeft": "-1em",
                  "paddingTop": "0.5em",
                  "whiteSpace": "pre-wrap",
                }
              }
            >
              4. Kelalaian dan kerugian yang ditimbulkan oleh masing-masing Pengguna berkaitan dengan penggunaan UT Connect miliknya.
            </div>
            <div
              className="contentParagraph"
              style={
                Object {
                  "paddingLeft": "-1em",
                  "paddingTop": "0.5em",
                  "whiteSpace": "pre-wrap",
                }
              }
            >
              5. Pelanggaran Hak atas Kekayaan Intelektual UT yang melekat pada UT Connect.
            </div>
            <div
              className="contentParagraph"
              style={
                Object {
                  "paddingLeft": "-1em",
                  "paddingTop": "0.5em",
                  "whiteSpace": "pre-wrap",
                }
              }
            >
              6. Virus atau perangkat lunak berbahaya lainnya yang diakibatkan oleh penggunaan layanan UT Connect.
            </div>
            <div
              className="contentParagraph"
              style={
                Object {
                  "paddingLeft": "-1em",
                  "paddingTop": "0.5em",
                  "whiteSpace": "pre-wrap",
                }
              }
            >
              7. Gangguan, bug, kesalahan atau ketidakakuratan apapun dalam penggunaan layanan UT Connect.
            </div>
            <div
              className="contentParagraph"
              style={
                Object {
                  "paddingLeft": "-1em",
                  "paddingTop": "0.5em",
                  "whiteSpace": "pre-wrap",
                }
              }
            >
              8. Kerusakan pada perangkat keras Pengguna dikarenakan penggunaan setiap layanan UT Connect oleh Pengguna.
            </div>
            <div
              className="contentParagraph"
              style={
                Object {
                  "paddingLeft": "-1em",
                  "paddingTop": "0.5em",
                  "whiteSpace": "pre-wrap",
                }
              }
            >
              9. Tindakan hukum yang diambil sehubungan dengan penyalahgunaan akun Pengguna.
            </div>
            <div
              className="contentParagraph"
              style={
                Object {
                  "paddingLeft": "-1em",
                  "paddingTop": "0.5em",
                  "whiteSpace": "pre-wrap",
                }
              }
            >
              10. Adanya tindakan peretasan yang dilakukan oleh pihak ketiga kepada akun Pengguna.
            </div>
          </td>
        </td>
      </tr>
    </table>
    <table
      style={
        Object {
          "marginTop": "2em",
        }
      }
    >
      <tr>
        <td
          className="tncHeader2"
        >
          <Skeleton
            circle={false}
            count={20}
            delay={0}
            duration={1.2}
            height={null}
            width={null}
            wrapper={null}
          />
        </td>
      </tr>
      <tr>
        <td
          className="paddingContent"
        >
          <td
            style={
              Object {
                "paddingLeft": "-1em",
              }
            }
          >
            <div
              className="contentParagraph"
              style={
                Object {
                  "paddingLeft": "-1em",
                  "paddingTop": "0.5em",
                  "whiteSpace": "pre-wrap",
                }
              }
            >
              1. UT dengan upaya terbaiknya akan bertanggung jawab dalam melindungi data pribadi Pengguna dan tunduk kepada Hukum yang Berlaku. Kami memiliki komitmen untuk mengelola, melindungi dan memproses data pribadi Pengguna sesuai dengan Syarat dan Ketentuan ini yang akan berlaku terhadap seluruh data pribadi yang kami peroleh dari Pengguna.
            </div>
            <div
              className="contentParagraph"
              style={
                Object {
                  "paddingLeft": "-1em",
                  "paddingTop": "0.5em",
                  "whiteSpace": "pre-wrap",
                }
              }
            >
              2. UT dapat menggunakan dan mengungkapkan data pribadi Pengguna untuk tujuan-tujuan yang diperlukan agar kami dapat menyampaikan produk dan jasa kami kepada Pelanggan, termasuk untuk:
            </div>
            <div
              className="contentParagraph"
              style={
                Object {
                  "paddingLeft": "-1em",
                  "paddingTop": "0.5em",
                  "whiteSpace": "pre-wrap",
                }
              }
            >
              		a. mendaftarkan dan mengelola user account atau akun Pengguna;
            </div>
            <div
              className="contentParagraph"
              style={
                Object {
                  "paddingLeft": "-1em",
                  "paddingTop": "0.5em",
                  "whiteSpace": "pre-wrap",
                }
              }
            >
              		b. mengkomunikasikan kepada Pengguna hal-hal yang berkaitan dengan perubahan material pada UT Connect, perubahan Kebijakan UT, perubahan persyaratan dan ketentuan lainnya, maupun perubahan lain berkaitan dengan pengelolaan akun Pengguna;
            </div>
            <div
              className="contentParagraph"
              style={
                Object {
                  "paddingLeft": "-1em",
                  "paddingTop": "0.5em",
                  "whiteSpace": "pre-wrap",
                }
              }
            >
              		c. melakukan personalisasi dan meningkatkan customer experience Pengguna saat Pengguna mengunjungi UT Connect;
            </div>
            <div
              className="contentParagraph"
              style={
                Object {
                  "paddingLeft": "-1em",
                  "paddingTop": "0.5em",
                  "whiteSpace": "pre-wrap",
                }
              }
            >
              		d. memonitor dan memastikan keberlakuan Syarat dan Ketentuan Jasa;
            </div>
            <div
              className="contentParagraph"
              style={
                Object {
                  "paddingLeft": "-1em",
                  "paddingTop": "0.5em",
                  "whiteSpace": "pre-wrap",
                }
              }
            >
              		e. memastikan UT Connect berfungsi dengan baik dan untuk meningkatkan kinerja UT dengan melakukan beberapa aktifitas tertentu yang diperlukan, seperti melakukan debugging, analisa statistik untuk mengoptimalkan UT Connect; 
            </div>
            <div
              className="contentParagraph"
              style={
                Object {
                  "paddingLeft": "-1em",
                  "paddingTop": "0.5em",
                  "whiteSpace": "pre-wrap",
                }
              }
            >
              		f. melakukan pembaharuan UT Connect, termasuk dalam rangka meningkatkan keamanan akun pengguna.
            </div>
            <div
              className="contentParagraph"
              style={
                Object {
                  "paddingLeft": "-1em",
                  "paddingTop": "0.5em",
                  "whiteSpace": "pre-wrap",
                }
              }
            />
            <div
              className="contentParagraph"
              style={
                Object {
                  "paddingLeft": "-1em",
                  "paddingTop": "0.5em",
                  "whiteSpace": "pre-wrap",
                }
              }
            >
              3. Pengguna mengakui dan menyetujui bahwa UT berhak untuk mengungkapkan data pribadi Pengguna kepada institusi pemerintah, pengawas pemerintah, pajak, penegak hukum atau pihak berwenang lain, jika UT memiliki dasar yang wajar untuk percaya bahwa pengungkapan data pribadi Pengguna diperlukan untuk tujuan memenuhi kewajiban, persyaratan, atau ketentuan apa pun, baik secara sukarela atau wajib, sebagai akibat menaati perintah, bekerja sama dalam penyelidikan, dan/atau permintaan yang bersifat apa pun juga dengan pihak-pihak tersebut. Sejauh diizinkan oleh undang-undang yang berlaku, Pengguna setuju untuk tidak mengambil tindakan apapun dan/atau guna melepaskan hak-hak Pengguna untuk mengambil tindakan apapun terhadap UT terkait dengan pengungkapan data pribadi Pengguna.
            </div>
            <div
              className="contentParagraph"
              style={
                Object {
                  "paddingLeft": "-1em",
                  "paddingTop": "0.5em",
                  "whiteSpace": "pre-wrap",
                }
              }
            />
            <div
              className="contentParagraph"
              style={
                Object {
                  "paddingLeft": "-1em",
                  "paddingTop": "0.5em",
                  "whiteSpace": "pre-wrap",
                }
              }
            >
              4. Pengguna diwajibkan melindungi akun UT Connect miliknya, termasuk tetapi tidak terbatas pada menjaga kerahasiaan sandi Pengguna. Pengguna bertanggung jawab atas aktivitas yang terjadi pada atau melalui akun UT Connect miliknya. Apabila Pengguna mendapati adanya penggunaan akun maupun sandi UT Connect yang anda miliki yang patut dicurigai, mohon untuk segera melaporkan kepada UT.
            </div>
          </td>
        </td>
      </tr>
    </table>
  </CardBody>
</Row>
`;
